Frontend:
  impl: GEM5

MemorySystem:
  impl: GenericDRAM
  total_num_other_requests: 0
  total_num_write_requests: 1569599
  total_num_read_requests: 480396
  memory_system_cycles: 10320722
  DRAM:
    impl: HBM2
  AddrMapper:
    impl: RoBaRaCoCh


  Controller:
    impl: Generic
    id: Channel 0
    avg_read_latency_0: 93.0167999
    read_queue_len_avg_0: 4.64586258
    write_queue_len_0: 88953691
    queue_len_0: 136902345
    num_other_reqs_0: 0
    num_write_reqs_0: 1711233
    read_latency_0: 49799521
    priority_queue_len_avg_0: 0
    row_hits_0: 647207
    priority_queue_len_0: 0
    row_misses_0: 158007
    row_conflicts_0: 219782
    read_row_misses_0: 81557
    queue_len_avg_0: 13.2648039
    read_row_conflicts_core_0: 101693
    read_row_hits_0: 56948
    write_queue_len_avg_0: 8.61894035
    read_row_conflicts_0: 101693
    write_row_misses_0: 76450
    write_row_conflicts_0: 118089
    read_queue_len_0: 47948654
    write_row_hits_0: 590259
    read_row_hits_core_0: 56948
    read_row_misses_core_0: 81557
    num_read_reqs_0: 535382
    Scheduler:
      impl: FRFCFS
    RefreshManager:
      impl: AllBank
    RowPolicy:
      impl: OpenRowPolicy
    ControllerPlugin:
      impl: TraceRecorder



  Controller:
    impl: Generic
    id: Channel 1
    read_queue_len_avg_1: 1.44269776
    priority_queue_len_1: 0
    write_queue_len_1: 67119721
    num_write_reqs_1: 935213
    row_hits_1: 639675
    row_misses_1: 234
    avg_read_latency_1: 65.792099
    queue_len_avg_1: 7.94609213
    read_queue_len_1: 14889683
    read_row_misses_1: 201
    priority_queue_len_avg_1: 0
    read_row_hits_1: 56607
    queue_len_1: 82009404
    read_row_conflicts_1: 183390
    num_read_reqs_1: 246248
    num_other_reqs_1: 0
    row_conflicts_1: 385087
    write_row_hits_1: 583068
    write_queue_len_avg_1: 6.50339365
    write_row_misses_1: 33
    write_row_conflicts_1: 201697
    read_row_hits_core_0: 56607
    read_row_misses_core_0: 201
    read_latency_1: 16201172
    read_row_conflicts_core_0: 183390
    Scheduler:
      impl: FRFCFS
    RefreshManager:
      impl: AllBank
    RowPolicy:
      impl: OpenRowPolicy
    ControllerPlugin:
      impl: TraceRecorder



